h
hgdfh_DFGkf5665678
hg
gdfh_DFGkf5665678
hgd
dfh_DFGkf5665678
hgdf
fh_DFGkf5665678
hgdfh
h_DFGkf5665678
hgdfh_
_DFGkf5665678
hgdfh_D
DFGkf5665678
hgdfh_DF
FGkf5665678
hgdfh_DFG
Gkf5665678
hgdfh_DFGk
kf5665678
hgdfh_DFGkf
f5665678
hgdfh_DFGkf5
5665678
hgdfh_DFGkf56
665678
hgdfh_DFGkf566
65678
hgdfh_DFGkf5665
5678
hgdfh_DFGkf56656
678
hgdfh_DFGkf566567
78
hgdfh_DFGkf5665678
8
